=== Kaevex Forensics Log - Session started 2026-09-12 12:21:42 ===
[2026-09-12 12:21:42] [INFO    ] Kaevex           Kaevex Enterprise SOC initialized - 8 defense engines active
[2026-09-12 12:21:42] [INFO    ] NetGuard         Startup baseline network analysis complete - verified CDN/Web endpoints
[2026-09-12 12:21:42] [INFO    ] SmartSandbox     AppContainer kernel enforcement subsystem active
[2026-09-12 12:21:42] [INFO    ] RansomShield     Canary honeypots armed & VSS shadow copy engine online
[2026-09-12 12:21:42] [INFO    ] DataGuard DLP    Sensitive credential scanner loaded
[2026-09-12 12:21:42] [INFO    ] ThreatIntel      Zero-driver anti-cheat compatibility mode active
[2026-09-12 12:21:42] [INFO    ] CVE Agent        Continuous CVE Watcher started - background polling engaged
[2026-09-12 12:21:42] [INFO    ] RansomShield     Auto-protect ACTIVE: mass encryption monitoring + honeypots deployed
[2026-09-12 12:21:42] [WARNING ] NetGuard         Baseline: 69 active conns (39 Web, 0 DL, 1 Unverified: Spotify.exe -> Spotify.exe -> 104.199.65.9:4070)
[2026-09-12 12:21:42] [WARNING ] CVE Agent        Scanned 48 apps & OS build 26200: Found 23 software CVEs + 3 OS CVEs
[2026-09-12 12:21:43] [CRITICAL] RansomShield     HONEYPOT TRIGGERED: C:\Users\Moham\Documents\~KaevexDecoy_00.docx - Ransomware behavior!
=== Kaevex Forensics Log - Session started 2026-09-13 22:15:02 ===
[2026-09-13 22:15:02] [INFO    ] Kaevex           Kaevex Enterprise SOC initialized - 8 defense engines active
[2026-09-13 22:15:02] [INFO    ] NetGuard         Startup baseline network analysis complete - verified CDN/Web endpoints
[2026-09-13 22:15:02] [INFO    ] SmartSandbox     AppContainer kernel enforcement subsystem active
[2026-09-13 22:15:02] [INFO    ] RansomShield     Canary honeypots armed & VSS shadow copy engine online
[2026-09-13 22:15:02] [INFO    ] DataGuard DLP    Sensitive credential scanner loaded
[2026-09-13 22:15:02] [INFO    ] ThreatIntel      Zero-driver anti-cheat compatibility mode active
[2026-09-13 22:15:02] [INFO    ] CVE Agent        Continuous CVE Watcher started - background polling engaged
[2026-09-13 22:15:02] [INFO    ] RansomShield     Auto-protect ACTIVE: mass encryption monitoring + honeypots deployed
[2026-09-13 22:15:03] [INFO    ] NetGuard         Baseline scan verified: All active network connections are authenticated.
[2026-09-13 22:15:03] [WARNING ] CVE Agent        Scanned 48 apps & OS build 26200: Found 23 software CVEs + 3 OS CVEs
[2026-09-13 22:15:03] [CRITICAL] RansomShield     HONEYPOT TRIGGERED: C:\Users\Moham\Documents\~KaevexDecoy_00.docx - Ransomware behavior!
[2026-09-13 22:15:05] [CRITICAL] RansomShield     HONEYPOT TRIGGERED: C:\Users\Moham\Documents\~KaevexDecoy_01.docx - Ransomware behavior!
[2026-09-13 22:15:06] [CRITICAL] RansomShield     HONEYPOT TRIGGERED: C:\Users\Moham\Desktop\~KaevexDecoy_00.docx - Ransomware behavior!
[2026-09-13 22:15:07] [CRITICAL] RansomShield     HONEYPOT TRIGGERED: C:\Users\Moham\Desktop\~KaevexDecoy_01.docx - Ransomware behavior!
[2026-09-13 22:15:08] [CRITICAL] RansomShield     HONEYPOT TRIGGERED: C:\Windows\Temp\~KaevexDecoy_00.docx - Ransomware behavior!
[2026-09-13 22:15:09] [CRITICAL] RansomShield     HONEYPOT TRIGGERED: C:\Windows\Temp\~KaevexDecoy_01.docx - Ransomware behavior!
[2026-09-13 22:15:12] [INFO    ] RansomShield     Real-time filesystem monitoring started on C:\Users
[2026-09-13 22:15:38] [INFO    ] CVE Agent        Autonomous Remediation Complete: 0 Application(s) Patched, 3 OS Mitigation(s) Enforced
[2026-09-13 22:15:47] [WARNING ] CVE Agent        Scanned 48 apps & OS build 26200: Found 23 software CVEs + 3 OS CVEs
[2026-09-13 22:15:54] [INFO    ] CVE Agent        Launched Windows Update Center for hotfix staging
=== Kaevex Forensics Log - Session started 2026-09-13 23:01:40 ===
[2026-09-13 23:01:40] [INFO    ] Kaevex           Kaevex Enterprise SOC initialized - 8 defense engines active
[2026-09-13 23:01:40] [INFO    ] NetGuard         Startup baseline network analysis complete - verified CDN/Web endpoints
[2026-09-13 23:01:40] [INFO    ] SmartSandbox     AppContainer kernel enforcement subsystem active
[2026-09-13 23:01:40] [INFO    ] RansomShield     Canary honeypots armed & VSS shadow copy engine online
[2026-09-13 23:01:40] [INFO    ] DataGuard DLP    Sensitive credential scanner loaded
[2026-09-13 23:01:40] [INFO    ] ThreatIntel      Zero-driver anti-cheat compatibility mode active
[2026-09-13 23:01:40] [INFO    ] CVE Agent        Continuous CVE Watcher started - background polling engaged
[2026-09-13 23:01:40] [INFO    ] RansomShield     Auto-protect ACTIVE: mass encryption monitoring + honeypots deployed
[2026-09-13 23:01:40] [INFO    ] NetGuard         Baseline scan verified: All active network connections are authenticated.
[2026-09-13 23:01:40] [WARNING ] CVE Agent        Scanned 48 apps & OS build 26200: Found 23 software CVEs + 3 OS CVEs
[2026-09-13 23:01:41] [CRITICAL] RansomShield     HONEYPOT TRIGGERED: C:\Users\Moham\Documents\~KaevexDecoy_00.docx - Ransomware behavior!
[2026-09-13 23:01:42] [CRITICAL] RansomShield     HONEYPOT TRIGGERED: C:\Users\Moham\Documents\~KaevexDecoy_01.docx - Ransomware behavior!
[2026-09-13 23:01:43] [CRITICAL] RansomShield     HONEYPOT TRIGGERED: C:\Users\Moham\Desktop\~KaevexDecoy_00.docx - Ransomware behavior!
[2026-09-13 23:01:44] [CRITICAL] RansomShield     HONEYPOT TRIGGERED: C:\Users\Moham\Desktop\~KaevexDecoy_01.docx - Ransomware behavior!
[2026-09-13 23:01:45] [CRITICAL] RansomShield     HONEYPOT TRIGGERED: C:\Windows\Temp\~KaevexDecoy_00.docx - Ransomware behavior!
[2026-09-13 23:01:46] [CRITICAL] RansomShield     HONEYPOT TRIGGERED: C:\Windows\Temp\~KaevexDecoy_01.docx - Ransomware behavior!
[2026-09-13 23:03:04] [INFO    ] Settings         Kaevex enabled for Windows auto-start
=== Kaevex Forensics Log - Session started 2026-09-13 23:04:41 ===
[2026-09-13 23:04:41] [INFO    ] Kaevex           Kaevex Enterprise SOC initialized - 8 defense engines active
[2026-09-13 23:04:41] [INFO    ] NetGuard         Startup baseline network analysis complete - verified CDN/Web endpoints
[2026-09-13 23:04:41] [INFO    ] SmartSandbox     AppContainer kernel enforcement subsystem active
[2026-09-13 23:04:41] [INFO    ] RansomShield     Canary honeypots armed & VSS shadow copy engine online
[2026-09-13 23:04:41] [INFO    ] DataGuard DLP    Sensitive credential scanner loaded
[2026-09-13 23:04:41] [INFO    ] ThreatIntel      Zero-driver anti-cheat compatibility mode active
[2026-09-13 23:04:41] [INFO    ] CVE Agent        Continuous CVE Watcher started - background polling engaged
[2026-09-13 23:04:41] [INFO    ] RansomShield     Auto-protect ACTIVE: mass encryption monitoring + honeypots deployed
[2026-09-13 23:04:41] [INFO    ] NetGuard         Baseline scan verified: All active network connections are authenticated.
[2026-09-13 23:04:41] [WARNING ] CVE Agent        Scanned 48 apps & OS build 26200: Found 23 software CVEs + 3 OS CVEs
[2026-09-13 23:04:42] [CRITICAL] RansomShield     HONEYPOT TRIGGERED: C:\Users\Moham\Documents\~KaevexDecoy_00.docx - Ransomware behavior!
[2026-09-13 23:04:43] [CRITICAL] RansomShield     HONEYPOT TRIGGERED: C:\Users\Moham\Documents\~KaevexDecoy_01.docx - Ransomware behavior!
[2026-09-13 23:04:44] [CRITICAL] RansomShield     HONEYPOT TRIGGERED: C:\Users\Moham\Desktop\~KaevexDecoy_00.docx - Ransomware behavior!
[2026-09-13 23:04:45] [CRITICAL] RansomShield     HONEYPOT TRIGGERED: C:\Users\Moham\Desktop\~KaevexDecoy_01.docx - Ransomware behavior!
[2026-09-13 23:04:46] [CRITICAL] RansomShield     HONEYPOT TRIGGERED: C:\Windows\Temp\~KaevexDecoy_00.docx - Ransomware behavior!
[2026-09-13 23:04:47] [CRITICAL] RansomShield     HONEYPOT TRIGGERED: C:\Windows\Temp\~KaevexDecoy_01.docx - Ransomware behavior!
[2026-09-13 23:05:07] [INFO    ] Full Team        Autonomous Team monitoring PAUSED
=== Kaevex Forensics Log - Session started 2026-09-16 05:53:35 ===
[2026-09-16 05:53:35] [INFO    ] Kaevex           Kaevex Enterprise SOC initialized - 8 defense engines active
[2026-09-16 05:53:35] [INFO    ] NetGuard         Startup baseline network analysis complete - verified CDN/Web endpoints
[2026-09-16 05:53:35] [INFO    ] SmartSandbox     AppContainer kernel enforcement subsystem active
[2026-09-16 05:53:35] [INFO    ] RansomShield     Canary honeypots armed & VSS shadow copy engine online
[2026-09-16 05:53:35] [INFO    ] DataGuard DLP    Sensitive credential scanner loaded
[2026-09-16 05:53:35] [INFO    ] ThreatIntel      Zero-driver anti-cheat compatibility mode active
[2026-09-16 05:53:35] [INFO    ] CVE Agent        Continuous CVE Watcher started - background polling engaged
[2026-09-16 05:53:35] [INFO    ] RansomShield     Auto-protect ACTIVE: mass encryption monitoring + honeypots deployed
[2026-09-16 05:53:35] [INFO    ] NetGuard         Baseline scan verified: All active network connections are authenticated.
[2026-09-16 05:53:35] [INFO    ] CVE Agent        Scanned 48 apps & OS build 26200: Found 0 software CVEs + 0 OS CVEs
[2026-09-16 05:53:36] [CRITICAL] RansomShield     HONEYPOT TRIGGERED: C:\Users\Moham\Documents\~KaevexDecoy_00.docx - Ransomware behavior!
[2026-09-16 05:53:37] [CRITICAL] RansomShield     HONEYPOT TRIGGERED: C:\Users\Moham\Documents\~KaevexDecoy_01.docx - Ransomware behavior!
[2026-09-16 05:53:38] [CRITICAL] RansomShield     HONEYPOT TRIGGERED: C:\Users\Moham\Desktop\~KaevexDecoy_00.docx - Ransomware behavior!
[2026-09-16 05:53:39] [CRITICAL] RansomShield     HONEYPOT TRIGGERED: C:\Users\Moham\Desktop\~KaevexDecoy_01.docx - Ransomware behavior!
[2026-09-16 05:53:40] [CRITICAL] RansomShield     HONEYPOT TRIGGERED: C:\Windows\Temp\~KaevexDecoy_00.docx - Ransomware behavior!
[2026-09-16 05:53:41] [CRITICAL] RansomShield     HONEYPOT TRIGGERED: C:\Windows\Temp\~KaevexDecoy_01.docx - Ransomware behavior!
=== Kaevex Forensics Log - Session started 2026-09-16 13:31:35 ===
[2026-09-16 13:31:35] [INFO    ] Kaevex           Kaevex Enterprise SOC initialized - 8 defense engines active
[2026-09-16 13:31:35] [INFO    ] NetGuard         Startup baseline network analysis complete - verified CDN/Web endpoints
[2026-09-16 13:31:35] [INFO    ] SmartSandbox     AppContainer kernel enforcement subsystem active
[2026-09-16 13:31:35] [INFO    ] RansomShield     Canary honeypots armed & VSS shadow copy engine online
[2026-09-16 13:31:35] [INFO    ] DataGuard DLP    Sensitive credential scanner loaded
[2026-09-16 13:31:35] [INFO    ] ThreatIntel      Zero-driver anti-cheat compatibility mode active
[2026-09-16 13:31:35] [INFO    ] CVE Agent        Continuous CVE Watcher started - background polling engaged
[2026-09-16 13:31:35] [INFO    ] RansomShield     Auto-protect ACTIVE: mass encryption monitoring + honeypots deployed
[2026-09-16 13:31:35] [INFO    ] NetGuard         Baseline scan verified: All active network connections are authenticated.
[2026-09-16 13:31:35] [INFO    ] CVE Agent        Scanned 48 apps & OS build 26200: Found 0 software CVEs + 0 OS CVEs
[2026-09-16 13:31:36] [CRITICAL] RansomShield     HONEYPOT TRIGGERED: C:\Users\Moham\Documents\~KaevexDecoy_00.docx - Ransomware behavior!
[2026-09-16 13:31:37] [CRITICAL] RansomShield     HONEYPOT TRIGGERED: C:\Users\Moham\Documents\~KaevexDecoy_01.docx - Ransomware behavior!
[2026-09-16 13:31:38] [CRITICAL] RansomShield     HONEYPOT TRIGGERED: C:\Users\Moham\Desktop\~KaevexDecoy_00.docx - Ransomware behavior!
[2026-09-16 13:31:39] [CRITICAL] RansomShield     HONEYPOT TRIGGERED: C:\Users\Moham\Desktop\~KaevexDecoy_01.docx - Ransomware behavior!
[2026-09-16 13:31:40] [CRITICAL] RansomShield     HONEYPOT TRIGGERED: C:\Windows\Temp\~KaevexDecoy_00.docx - Ransomware behavior!
[2026-09-16 13:31:41] [CRITICAL] RansomShield     HONEYPOT TRIGGERED: C:\Windows\Temp\~KaevexDecoy_01.docx - Ransomware behavior!
=== Kaevex Forensics Log - Session started 2026-09-19 16:43:50 ===
[2026-09-19 16:43:50] [INFO    ] Kaevex           Kaevex Enterprise SOC initialized - 8 defense engines active
[2026-09-19 16:43:50] [INFO    ] NetGuard         Startup baseline network analysis complete - verified CDN/Web endpoints
[2026-09-19 16:43:50] [INFO    ] SmartSandbox     AppContainer kernel enforcement subsystem active
[2026-09-19 16:43:50] [INFO    ] RansomShield     Canary honeypots armed & VSS shadow copy engine online
[2026-09-19 16:43:50] [INFO    ] DataGuard DLP    Sensitive credential scanner loaded
[2026-09-19 16:43:50] [INFO    ] ThreatIntel      Zero-driver anti-cheat compatibility mode active
[2026-09-19 16:43:50] [INFO    ] CVE Agent        Continuous CVE Watcher started - background polling engaged
[2026-09-19 16:43:50] [INFO    ] RansomShield     Auto-protect ACTIVE: mass encryption monitoring + honeypots deployed
[2026-09-19 16:43:51] [WARNING ] NetGuard         Baseline: 73 active conns (45 Web, 0 DL, 1 Unverified: Spotify.exe -> Spotify.exe -> 104.199.65.9:4070)
[2026-09-19 16:43:51] [WARNING ] CVE Agent        Scanned 49 apps & OS build 26200: Found 22 software CVEs + 3 OS CVEs
[2026-09-19 16:43:51] [INFO    ] RansomShield     Real-time filesystem monitoring started on C:\Users
[2026-09-19 16:43:51] [CRITICAL] RansomShield     HONEYPOT TRIGGERED: C:\Users\Moham\Documents\~KaevexDecoy_00.docx - Ransomware behavior!
[2026-09-19 16:43:53] [CRITICAL] RansomShield     HONEYPOT TRIGGERED: C:\Users\Moham\Documents\~KaevexDecoy_01.docx - Ransomware behavior!
[2026-09-19 16:43:54] [CRITICAL] RansomShield     HONEYPOT TRIGGERED: C:\Users\Moham\Desktop\~KaevexDecoy_00.docx - Ransomware behavior!
[2026-09-19 16:43:55] [CRITICAL] RansomShield     HONEYPOT TRIGGERED: C:\Users\Moham\Desktop\~KaevexDecoy_01.docx - Ransomware behavior!
[2026-09-19 16:43:56] [CRITICAL] RansomShield     HONEYPOT TRIGGERED: C:\Windows\Temp\~KaevexDecoy_00.docx - Ransomware behavior!
[2026-09-19 16:43:56] [INFO    ] NetGuard         Analyzed 73 conns: 45 Web/Cloud, 0 Download, 1 Unverified
[2026-09-19 16:43:57] [CRITICAL] RansomShield     HONEYPOT TRIGGERED: C:\Windows\Temp\~KaevexDecoy_01.docx - Ransomware behavior!
[2026-09-19 16:45:07] [INFO    ] SOC Mesh         Started background subnet discovery and Kaevex cluster poll
=== Kaevex Forensics Log - Session started 2026-09-19 16:57:55 ===
[2026-09-19 16:57:55] [INFO    ] Kaevex           Kaevex Enterprise SOC initialized - 8 defense engines active
[2026-09-19 16:57:55] [INFO    ] NetGuard         Startup baseline network analysis complete - verified CDN/Web endpoints
[2026-09-19 16:57:55] [INFO    ] SmartSandbox     AppContainer kernel enforcement subsystem active
[2026-09-19 16:57:55] [INFO    ] RansomShield     Canary honeypots armed & VSS shadow copy engine online
[2026-09-19 16:57:55] [INFO    ] DataGuard DLP    Sensitive credential scanner loaded
[2026-09-19 16:57:55] [INFO    ] ThreatIntel      Zero-driver anti-cheat compatibility mode active
[2026-09-19 16:57:55] [INFO    ] CVE Agent        Continuous CVE Watcher started - background polling engaged
[2026-09-19 16:57:55] [INFO    ] RansomShield     Auto-protect ACTIVE: mass encryption monitoring + honeypots deployed
[2026-09-19 16:57:56] [CRITICAL] RansomShield     HONEYPOT TRIGGERED: C:\Users\Moham\Documents\~KaevexDecoy_00.docx - Ransomware behavior!
[2026-09-19 16:57:57] [CRITICAL] RansomShield     HONEYPOT TRIGGERED: C:\Users\Moham\Documents\~KaevexDecoy_01.docx - Ransomware behavior!
[2026-09-19 16:57:57] [INFO    ] Kaevex           First-Run Setup Complete: Enterprise SOC & Defense Profile Armed
[2026-09-19 16:57:57] [WARNING ] NetGuard         Baseline: 64 active conns (36 Web, 0 DL, 1 Unverified: Spotify.exe -> Spotify.exe -> 104.199.65.9:4070)
[2026-09-19 16:57:57] [WARNING ] CVE Agent        Scanned 49 apps & OS build 26200: Found 22 software CVEs + 3 OS CVEs
[2026-09-19 16:57:57] [INFO    ] RansomShield     Real-time filesystem monitoring started on C:\Users
[2026-09-19 16:57:58] [CRITICAL] RansomShield     HONEYPOT TRIGGERED: C:\Users\Moham\Desktop\~KaevexDecoy_00.docx - Ransomware behavior!
[2026-09-19 16:57:59] [CRITICAL] RansomShield     HONEYPOT TRIGGERED: C:\Users\Moham\Desktop\~KaevexDecoy_01.docx - Ransomware behavior!
[2026-09-19 16:58:00] [CRITICAL] RansomShield     HONEYPOT TRIGGERED: C:\Windows\Temp\~KaevexDecoy_00.docx - Ransomware behavior!
[2026-09-19 16:58:01] [CRITICAL] RansomShield     HONEYPOT TRIGGERED: C:\Windows\Temp\~KaevexDecoy_01.docx - Ransomware behavior!
[2026-09-19 16:58:06] [INFO    ] NetGuard         Analyzed 63 conns: 35 Web/Cloud, 0 Download, 1 Unverified
[2026-09-19 16:58:54] [INFO    ] Full Team        Autonomous Team monitoring ACTIVATED
=== Kaevex Forensics Log - Session started 2026-09-19 17:06:11 ===
[2026-09-19 17:06:11] [INFO    ] Kaevex           Kaevex Enterprise SOC initialized - 8 defense engines active
[2026-09-19 17:06:11] [INFO    ] NetGuard         Startup baseline network analysis complete - verified CDN/Web endpoints
[2026-09-19 17:06:11] [INFO    ] SmartSandbox     AppContainer kernel enforcement subsystem active
[2026-09-19 17:06:11] [INFO    ] RansomShield     Canary honeypots armed & VSS shadow copy engine online
[2026-09-19 17:06:11] [INFO    ] DataGuard DLP    Sensitive credential scanner loaded
[2026-09-19 17:06:11] [INFO    ] ThreatIntel      Zero-driver anti-cheat compatibility mode active
[2026-09-19 17:06:11] [INFO    ] CVE Agent        Continuous CVE Watcher started - background polling engaged
[2026-09-19 17:06:11] [INFO    ] RansomShield     Auto-protect ACTIVE: mass encryption monitoring + honeypots deployed
[2026-09-19 17:06:12] [WARNING ] NetGuard         Baseline: 60 active conns (32 Web, 0 DL, 1 Unverified: Spotify.exe -> Spotify.exe -> 104.199.65.9:4070)
[2026-09-19 17:06:12] [WARNING ] CVE Agent        Scanned 49 apps & OS build 26200: Found 22 software CVEs + 3 OS CVEs
[2026-09-19 17:06:12] [INFO    ] RansomShield     Real-time filesystem monitoring started on C:\Users
[2026-09-19 17:06:12] [CRITICAL] RansomShield     HONEYPOT TRIGGERED: C:\Users\Moham\Documents\~KaevexDecoy_00.docx - Ransomware behavior!
[2026-09-19 17:06:13] [CRITICAL] RansomShield     HONEYPOT TRIGGERED: C:\Users\Moham\Documents\~KaevexDecoy_01.docx - Ransomware behavior!
[2026-09-19 17:06:14] [CRITICAL] RansomShield     HONEYPOT TRIGGERED: C:\Users\Moham\Desktop\~KaevexDecoy_00.docx - Ransomware behavior!
[2026-09-19 17:06:16] [CRITICAL] RansomShield     HONEYPOT TRIGGERED: C:\Users\Moham\Desktop\~KaevexDecoy_01.docx - Ransomware behavior!
[2026-09-19 17:06:17] [CRITICAL] RansomShield     HONEYPOT TRIGGERED: C:\Windows\Temp\~KaevexDecoy_00.docx - Ransomware behavior!
[2026-09-19 17:06:18] [CRITICAL] RansomShield     HONEYPOT TRIGGERED: C:\Windows\Temp\~KaevexDecoy_01.docx - Ransomware behavior!
[2026-09-19 17:06:18] [INFO    ] NetGuard         Analyzed 60 conns: 32 Web/Cloud, 0 Download, 1 Unverified
=== Kaevex Forensics Log - Session started 2026-09-19 17:09:33 ===
[2026-09-19 17:09:33] [INFO    ] Kaevex           Kaevex Enterprise SOC initialized - 8 defense engines active
[2026-09-19 17:09:33] [INFO    ] NetGuard         Startup baseline network analysis complete - verified CDN/Web endpoints
[2026-09-19 17:09:33] [INFO    ] SmartSandbox     AppContainer kernel enforcement subsystem active
[2026-09-19 17:09:33] [INFO    ] RansomShield     Canary honeypots armed & VSS shadow copy engine online
[2026-09-19 17:09:33] [INFO    ] DataGuard DLP    Sensitive credential scanner loaded
[2026-09-19 17:09:33] [INFO    ] ThreatIntel      Zero-driver anti-cheat compatibility mode active
[2026-09-19 17:09:33] [INFO    ] CVE Agent        Continuous CVE Watcher started - background polling engaged
[2026-09-19 17:09:33] [INFO    ] RansomShield     Auto-protect ACTIVE: mass encryption monitoring + honeypots deployed
[2026-09-19 17:09:33] [WARNING ] NetGuard         Baseline: 64 active conns (36 Web, 0 DL, 1 Unverified: Spotify.exe -> Spotify.exe -> 104.199.65.9:4070)
[2026-09-19 17:09:33] [WARNING ] CVE Agent        Scanned 49 apps & OS build 26200: Found 22 software CVEs + 3 OS CVEs
[2026-09-19 17:09:33] [INFO    ] RansomShield     Real-time filesystem monitoring started on C:\Users
[2026-09-19 17:09:34] [CRITICAL] RansomShield     HONEYPOT TRIGGERED: C:\Users\Moham\Documents\~KaevexDecoy_00.docx - Ransomware behavior!
[2026-09-19 17:09:35] [CRITICAL] RansomShield     HONEYPOT TRIGGERED: C:\Users\Moham\Documents\~KaevexDecoy_01.docx - Ransomware behavior!
[2026-09-19 17:09:36] [CRITICAL] RansomShield     HONEYPOT TRIGGERED: C:\Users\Moham\Desktop\~KaevexDecoy_00.docx - Ransomware behavior!
[2026-09-19 17:09:37] [CRITICAL] RansomShield     HONEYPOT TRIGGERED: C:\Users\Moham\Desktop\~KaevexDecoy_01.docx - Ransomware behavior!
[2026-09-19 17:09:38] [CRITICAL] RansomShield     HONEYPOT TRIGGERED: C:\Windows\Temp\~KaevexDecoy_00.docx - Ransomware behavior!
[2026-09-19 17:09:39] [CRITICAL] RansomShield     HONEYPOT TRIGGERED: C:\Windows\Temp\~KaevexDecoy_01.docx - Ransomware behavior!
[2026-09-19 17:09:43] [INFO    ] NetGuard         Analyzed 65 conns: 37 Web/Cloud, 0 Download, 1 Unverified
[2026-09-19 17:10:03] [INFO    ] SmartSandbox     [Sandbox] Process PID=21992 launched with 5 isolation layers.
=== Kaevex Forensics Log - Session started 2026-09-19 17:12:39 ===
[2026-09-19 17:12:39] [INFO    ] Kaevex           Kaevex Enterprise SOC initialized - 8 defense engines active
[2026-09-19 17:12:39] [INFO    ] NetGuard         Startup baseline network analysis complete - verified CDN/Web endpoints
[2026-09-19 17:12:39] [INFO    ] SmartSandbox     AppContainer kernel enforcement subsystem active
[2026-09-19 17:12:39] [INFO    ] RansomShield     Canary honeypots armed & VSS shadow copy engine online
[2026-09-19 17:12:39] [INFO    ] DataGuard DLP    Sensitive credential scanner loaded
[2026-09-19 17:12:39] [INFO    ] ThreatIntel      Zero-driver anti-cheat compatibility mode active
[2026-09-19 17:12:39] [INFO    ] CVE Agent        Continuous CVE Watcher started - background polling engaged
[2026-09-19 17:12:39] [INFO    ] RansomShield     Auto-protect ACTIVE: mass encryption monitoring + honeypots deployed
[2026-09-19 17:12:39] [WARNING ] NetGuard         Baseline: 66 active conns (38 Web, 0 DL, 1 Unverified: Spotify.exe -> Spotify.exe -> 104.199.65.9:4070)
[2026-09-19 17:12:39] [WARNING ] CVE Agent        Scanned 49 apps & OS build 26200: Found 22 software CVEs + 3 OS CVEs
[2026-09-19 17:12:39] [INFO    ] RansomShield     Real-time filesystem monitoring started on C:\Users
[2026-09-19 17:12:40] [CRITICAL] RansomShield     HONEYPOT TRIGGERED: C:\Users\Moham\Documents\~KaevexDecoy_00.docx - Ransomware behavior!
[2026-09-19 17:12:41] [CRITICAL] RansomShield     HONEYPOT TRIGGERED: C:\Users\Moham\Documents\~KaevexDecoy_01.docx - Ransomware behavior!
[2026-09-19 17:12:42] [CRITICAL] RansomShield     HONEYPOT TRIGGERED: C:\Users\Moham\Desktop\~KaevexDecoy_00.docx - Ransomware behavior!
[2026-09-19 17:12:43] [CRITICAL] RansomShield     HONEYPOT TRIGGERED: C:\Users\Moham\Desktop\~KaevexDecoy_01.docx - Ransomware behavior!
[2026-09-19 17:12:44] [CRITICAL] RansomShield     HONEYPOT TRIGGERED: C:\Windows\Temp\~KaevexDecoy_00.docx - Ransomware behavior!
[2026-09-19 17:12:45] [CRITICAL] RansomShield     HONEYPOT TRIGGERED: C:\Windows\Temp\~KaevexDecoy_01.docx - Ransomware behavior!
[2026-09-19 17:12:55] [INFO    ] SmartSandbox     [Sandbox] Process PID=9824 launched with 5 isolation layers.
[2026-09-19 17:17:46] [WARNING ] CVE Agent        Scanned 49 apps & OS build 26200: Found 22 software CVEs + 3 OS CVEs
[2026-09-19 17:17:47] [WARNING ] CVE Agent        Scanned 49 apps & OS build 26200: Found 22 software CVEs + 3 OS CVEs
[2026-09-19 17:17:47] [WARNING ] CVE Agent        Scanned 49 apps & OS build 26200: Found 22 software CVEs + 3 OS CVEs
[2026-09-19 17:17:48] [WARNING ] CVE Agent        Scanned 49 apps & OS build 26200: Found 22 software CVEs + 3 OS CVEs
[2026-09-19 17:17:48] [WARNING ] CVE Agent        Scanned 49 apps & OS build 26200: Found 22 software CVEs + 3 OS CVEs
[2026-09-19 17:17:48] [WARNING ] CVE Agent        Scanned 49 apps & OS build 26200: Found 22 software CVEs + 3 OS CVEs
=== Kaevex Forensics Log - Session started 2026-09-19 17:31:28 ===
[2026-09-19 17:31:28] [INFO    ] Kaevex           Kaevex Enterprise SOC initialized - 8 defense engines active
[2026-09-19 17:31:28] [INFO    ] NetGuard         Startup baseline network analysis complete - verified CDN/Web endpoints
[2026-09-19 17:31:28] [INFO    ] SmartSandbox     AppContainer kernel enforcement subsystem active
[2026-09-19 17:31:28] [INFO    ] RansomShield     Canary honeypots armed & VSS shadow copy engine online
[2026-09-19 17:31:28] [INFO    ] DataGuard DLP    Sensitive credential scanner loaded
[2026-09-19 17:31:28] [INFO    ] ThreatIntel      Zero-driver anti-cheat compatibility mode active
[2026-09-19 17:31:28] [INFO    ] CVE Agent        Continuous CVE Watcher started - background polling engaged
[2026-09-19 17:31:28] [INFO    ] RansomShield     Auto-protect ACTIVE: mass encryption monitoring + honeypots deployed
[2026-09-19 17:31:28] [WARNING ] NetGuard         Baseline: 151 active conns (84 Web, 0 DL, 1 Unverified: Spotify.exe -> Spotify.exe -> 104.199.65.9:4070)
[2026-09-19 17:31:28] [WARNING ] CVE Agent        Scanned 49 apps & OS build 26200: Found 36 software CVEs + 9 OS CVEs
[2026-09-19 17:31:28] [INFO    ] RansomShield     Real-time filesystem monitoring started on C:\Users
[2026-09-19 17:31:29] [CRITICAL] RansomShield     HONEYPOT TRIGGERED: C:\Users\Moham\Documents\~KaevexDecoy_00.docx - Ransomware behavior!
[2026-09-19 17:31:30] [CRITICAL] RansomShield     HONEYPOT TRIGGERED: C:\Users\Moham\Documents\~KaevexDecoy_01.docx - Ransomware behavior!
[2026-09-19 17:31:31] [CRITICAL] RansomShield     HONEYPOT TRIGGERED: C:\Users\Moham\Desktop\~KaevexDecoy_00.docx - Ransomware behavior!
[2026-09-19 17:31:32] [CRITICAL] RansomShield     HONEYPOT TRIGGERED: C:\Users\Moham\Desktop\~KaevexDecoy_01.docx - Ransomware behavior!
[2026-09-19 17:31:33] [CRITICAL] RansomShield     HONEYPOT TRIGGERED: C:\Windows\Temp\~KaevexDecoy_00.docx - Ransomware behavior!
[2026-09-19 17:31:34] [CRITICAL] RansomShield     HONEYPOT TRIGGERED: C:\Windows\Temp\~KaevexDecoy_01.docx - Ransomware behavior!
[2026-09-19 17:31:58] [CRITICAL] CVE Watcher      CVE Watcher: 49 apps monitored, 36 active CVEs requiring remediation.
[2026-09-19 17:32:28] [CRITICAL] CVE Watcher      CVE Watcher: 49 apps monitored, 36 active CVEs requiring remediation.
[2026-09-19 17:32:58] [CRITICAL] CVE Watcher      CVE Watcher: 49 apps monitored, 36 active CVEs requiring remediation.
[2026-09-19 17:33:28] [CRITICAL] CVE Watcher      CVE Watcher: 49 apps monitored, 36 active CVEs requiring remediation.
[2026-09-19 17:33:58] [CRITICAL] CVE Watcher      CVE Watcher: 49 apps monitored, 36 active CVEs requiring remediation.
[2026-09-19 17:34:28] [CRITICAL] CVE Watcher      CVE Watcher: 49 apps monitored, 36 active CVEs requiring remediation.
[2026-09-19 17:34:58] [CRITICAL] CVE Watcher      CVE Watcher: 49 apps monitored, 36 active CVEs requiring remediation.
[2026-09-19 17:35:28] [CRITICAL] CVE Watcher      CVE Watcher: 49 apps monitored, 36 active CVEs requiring remediation.
[2026-09-19 17:35:58] [CRITICAL] CVE Watcher      CVE Watcher: 49 apps monitored, 36 active CVEs requiring remediation.
[2026-09-19 17:36:28] [CRITICAL] CVE Watcher      CVE Watcher: 49 apps monitored, 36 active CVEs requiring remediation.
[2026-09-19 17:36:58] [CRITICAL] CVE Watcher      CVE Watcher: 49 apps monitored, 36 active CVEs requiring remediation.
[2026-09-19 17:37:28] [CRITICAL] CVE Watcher      CVE Watcher: 49 apps monitored, 36 active CVEs requiring remediation.
[2026-09-19 17:37:58] [CRITICAL] CVE Watcher      CVE Watcher: 49 apps monitored, 36 active CVEs requiring remediation.
[2026-09-19 17:38:28] [CRITICAL] CVE Watcher      CVE Watcher: 49 apps monitored, 36 active CVEs requiring remediation.
[2026-09-19 17:38:58] [CRITICAL] CVE Watcher      CVE Watcher: 49 apps monitored, 36 active CVEs requiring remediation.
[2026-09-19 17:39:28] [CRITICAL] CVE Watcher      CVE Watcher: 49 apps monitored, 36 active CVEs requiring remediation.
[2026-09-19 17:39:58] [CRITICAL] CVE Watcher      CVE Watcher: 49 apps monitored, 36 active CVEs requiring remediation.
[2026-09-19 17:40:28] [CRITICAL] CVE Watcher      CVE Watcher: 49 apps monitored, 36 active CVEs requiring remediation.
[2026-09-19 17:40:58] [CRITICAL] CVE Watcher      CVE Watcher: 49 apps monitored, 36 active CVEs requiring remediation.
[2026-09-19 17:41:28] [CRITICAL] CVE Watcher      CVE Watcher: 49 apps monitored, 36 active CVEs requiring remediation.
[2026-09-19 17:41:58] [CRITICAL] CVE Watcher      CVE Watcher: 49 apps monitored, 36 active CVEs requiring remediation.
[2026-09-19 17:42:28] [CRITICAL] CVE Watcher      CVE Watcher: 49 apps monitored, 36 active CVEs requiring remediation.
[2026-09-19 17:42:58] [CRITICAL] CVE Watcher      CVE Watcher: 49 apps monitored, 36 active CVEs requiring remediation.
[2026-09-19 17:43:28] [CRITICAL] CVE Watcher      CVE Watcher: 49 apps monitored, 36 active CVEs requiring remediation.
[2026-09-19 17:43:58] [CRITICAL] CVE Watcher      CVE Watcher: 49 apps monitored, 36 active CVEs requiring remediation.
[2026-09-19 17:44:28] [CRITICAL] CVE Watcher      CVE Watcher: 49 apps monitored, 36 active CVEs requiring remediation.
[2026-09-19 17:44:58] [CRITICAL] CVE Watcher      CVE Watcher: 49 apps monitored, 36 active CVEs requiring remediation.
[2026-09-19 17:45:28] [CRITICAL] CVE Watcher      CVE Watcher: 49 apps monitored, 36 active CVEs requiring remediation.
