=== AegisCore Forensics Log - Clean Session Initialized ===
[2026-09-04 22:00:00] [INFO    ] AegisCore        AegisCore Enterprise v3.0 SOC initialized - 8 defense engines active
[2026-09-04 22:00:00] [INFO    ] SmartSandbox     AppContainer kernel enforcement ready
[2026-09-04 22:00:00] [INFO    ] NetGuard         Network monitoring and C2 beacon analysis active
[2026-09-04 22:00:00] [INFO    ] RansomShield     Filesystem watcher and honeypot subsystem armed
[2026-09-04 22:00:00] [INFO    ] DataGuard DLP    Sensitive data and secret discovery engine loaded
[2026-09-04 22:00:00] [INFO    ] ThreatIntel      Gaming mode detection and anti-cheat checker online
[2026-09-04 22:00:00] [INFO    ] CveAgent         Autonomous CVE scanner armed with live OS and software inventory
[2026-09-04 22:04:29] [CRITICAL] ThreatGuard      C2 beaconing suspected - ATT&CK T1071 heuristic flag
[2026-09-04 22:04:37] [INFO    ] HostGuard        Honeypot canary accessed - triggering VSS snapshot
[2026-09-04 22:04:53] [WARNING ] WebGuard WAF     SQLi payload blocked by WebGuard WAF (score: 82/100)
[2026-09-04 22:04:57] [INFO    ] PacketGuard AV   Real-time PE scanner: packed executable inspected
[2026-09-04 22:04:58] [INFO    ] HostGuard        Honeypot canary accessed - triggering VSS snapshot
[2026-09-04 22:05:02] [INFO    ] NetGuard         Baseline limits & sandbox applied to unverified remote endpoints.
[2026-09-04 22:05:11] [WARNING ] WebGuard WAF     SQLi payload blocked by WebGuard WAF (score: 82/100)
[2026-09-04 22:05:14] [WARNING ] WebGuard WAF     SQLi payload blocked by WebGuard WAF (score: 82/100)
[2026-09-04 22:05:28] [CRITICAL] ThreatGuard      C2 beaconing suspected - ATT&CK T1071 heuristic flag
[2026-09-04 22:05:30] [INFO    ] HostGuard        Honeypot canary accessed - triggering VSS snapshot
[2026-09-04 22:05:57] [CRITICAL] ThreatGuard      C2 beaconing suspected - ATT&CK T1071 heuristic flag
[2026-09-04 22:05:59] [INFO    ] PacketGuard AV   Real-time PE scanner: packed executable inspected
[2026-09-04 22:06:00] [WARNING ] WebGuard WAF     SQLi payload blocked by WebGuard WAF (score: 82/100)
[2026-09-04 22:06:02] [WARNING ] WebGuard WAF     SQLi payload blocked by WebGuard WAF (score: 82/100)
[2026-09-04 22:06:20] [INFO    ] PacketGuard AV   Real-time PE scanner: packed executable inspected
=== AegisCore Forensics Log - Session started 2026-09-04 22:11:12 ===
[2026-09-04 22:11:12] [INFO    ] AegisCore        AegisCore Enterprise SOC initialized - 8 defense engines active
[2026-09-04 22:11:12] [INFO    ] NetGuard         Startup baseline network analysis complete - verified CDN/Web endpoints
[2026-09-04 22:11:12] [INFO    ] SmartSandbox     AppContainer kernel enforcement subsystem active
[2026-09-04 22:11:12] [INFO    ] RansomShield     Canary honeypots armed & VSS shadow copy engine online
[2026-09-04 22:11:12] [INFO    ] DataGuard DLP    Sensitive credential scanner loaded
[2026-09-04 22:11:12] [INFO    ] ThreatIntel      Zero-driver anti-cheat compatibility mode active
[2026-09-04 22:11:12] [INFO    ] CVE Agent        Continuous CVE Watcher started - background polling engaged
[2026-09-04 22:11:14] [WARNING ] DataGuard DLP    CLIPBOARD: Twilio Auth detected in clipboard!
[2026-09-04 22:11:24] [INFO    ] NetGuard         Baseline limits & sandbox applied to unverified remote endpoints.
[2026-09-04 22:11:59] [CRITICAL] ThreatGuard      C2 beaconing suspected - ATT&CK T1071 heuristic flag
[2026-09-04 22:12:21] [WARNING ] WebGuard WAF     SQLi payload blocked by WebGuard WAF (score: 82/100)
[2026-09-04 22:13:16] [CRITICAL] ThreatGuard      C2 beaconing suspected - ATT&CK T1071 heuristic flag
[2026-09-04 22:13:47] [INFO    ] PacketGuard AV   Real-time PE scanner: packed executable inspected
[2026-09-04 22:13:59] [INFO    ] HostGuard        Honeypot canary accessed - triggering VSS snapshot
[2026-09-04 22:14:10] [CRITICAL] ThreatGuard      C2 beaconing suspected - ATT&CK T1071 heuristic flag
=== AegisCore Forensics Log - Session started 2026-09-04 22:26:40 ===
[2026-09-04 22:26:40] [INFO    ] AegisCore        AegisCore Enterprise SOC initialized - 8 defense engines active
[2026-09-04 22:26:40] [INFO    ] NetGuard         Startup baseline network analysis complete - verified CDN/Web endpoints
[2026-09-04 22:26:40] [INFO    ] SmartSandbox     AppContainer kernel enforcement subsystem active
[2026-09-04 22:26:40] [INFO    ] RansomShield     Canary honeypots armed & VSS shadow copy engine online
[2026-09-04 22:26:40] [INFO    ] DataGuard DLP    Sensitive credential scanner loaded
[2026-09-04 22:26:40] [INFO    ] ThreatIntel      Zero-driver anti-cheat compatibility mode active
[2026-09-04 22:26:40] [INFO    ] CVE Agent        Continuous CVE Watcher started - background polling engaged
[2026-09-04 22:26:40] [WARNING ] NetGuard         Baseline: 75 active conns (39 Web, 0 DL, 1 Unverified: Spotify.exe -> Spotify.exe -> 104.199.65.9:4070)
=== AegisCore Forensics Log - Session started 2026-09-04 22:27:01 ===
[2026-09-04 22:27:01] [INFO    ] AegisCore        AegisCore Enterprise SOC initialized - 8 defense engines active
[2026-09-04 22:27:01] [INFO    ] NetGuard         Startup baseline network analysis complete - verified CDN/Web endpoints
[2026-09-04 22:27:01] [INFO    ] SmartSandbox     AppContainer kernel enforcement subsystem active
[2026-09-04 22:27:01] [INFO    ] RansomShield     Canary honeypots armed & VSS shadow copy engine online
[2026-09-04 22:27:01] [INFO    ] DataGuard DLP    Sensitive credential scanner loaded
[2026-09-04 22:27:01] [INFO    ] ThreatIntel      Zero-driver anti-cheat compatibility mode active
[2026-09-04 22:27:01] [INFO    ] CVE Agent        Continuous CVE Watcher started - background polling engaged
[2026-09-04 22:27:01] [WARNING ] NetGuard         Baseline: 71 active conns (35 Web, 0 DL, 1 Unverified: Spotify.exe -> Spotify.exe -> 104.199.65.9:4070)
[2026-09-04 22:27:47] [INFO    ] RansomShield     Real-time filesystem monitoring started on C:\Users
[2026-09-04 22:28:22] [INFO    ] CVE Agent        Scanned 48 apps & OS build 26200: Found 0 software CVEs + 0 OS CVEs
[2026-09-04 22:28:26] [WARNING ] CVE Agent        Autonomous Remediation Complete: 0 Application(s) Patched, 0 OS Mitigation(s) Enforced
[2026-09-04 22:28:28] [INFO    ] CVE Agent        Scanned 48 apps & OS build 26200: Found 0 software CVEs + 0 OS CVEs
[2026-09-04 22:28:30] [INFO    ] CVE Agent        Launched Windows Update Center for hotfix staging
[2026-09-04 22:28:34] [INFO    ] CVE Agent        Scanned 48 apps & OS build 26200: Found 0 software CVEs + 0 OS CVEs
[2026-09-04 22:28:34] [INFO    ] CVE Agent        Catalog reloaded: 48 software audited, 0 CVEs detected
=== AegisCore Forensics Log - Session started 2026-09-12 10:22:29 ===
[2026-09-12 10:22:29] [INFO    ] AegisCore        AegisCore Enterprise SOC initialized - 8 defense engines active
[2026-09-12 10:22:29] [INFO    ] NetGuard         Startup baseline network analysis complete - verified CDN/Web endpoints
[2026-09-12 10:22:29] [INFO    ] SmartSandbox     AppContainer kernel enforcement subsystem active
[2026-09-12 10:22:29] [INFO    ] RansomShield     Canary honeypots armed & VSS shadow copy engine online
[2026-09-12 10:22:29] [INFO    ] DataGuard DLP    Sensitive credential scanner loaded
[2026-09-12 10:22:29] [INFO    ] ThreatIntel      Zero-driver anti-cheat compatibility mode active
[2026-09-12 10:22:29] [INFO    ] CVE Agent        Continuous CVE Watcher started - background polling engaged
[2026-09-12 10:22:29] [WARNING ] NetGuard         Baseline: 64 active conns (31 Web, 0 DL, 1 Unverified: Spotify.exe -> Spotify.exe -> 104.199.65.9:4070)
[2026-09-12 10:22:29] [WARNING ] CVE Agent        Scanned 48 apps & OS build 26200: Found 23 software CVEs + 3 OS CVEs
=== AegisCore Forensics Log - Session started 2026-09-12 10:23:42 ===
[2026-09-12 10:23:42] [INFO    ] AegisCore        AegisCore Enterprise SOC initialized - 8 defense engines active
[2026-09-12 10:23:42] [INFO    ] NetGuard         Startup baseline network analysis complete - verified CDN/Web endpoints
[2026-09-12 10:23:42] [INFO    ] SmartSandbox     AppContainer kernel enforcement subsystem active
[2026-09-12 10:23:42] [INFO    ] RansomShield     Canary honeypots armed & VSS shadow copy engine online
[2026-09-12 10:23:42] [INFO    ] DataGuard DLP    Sensitive credential scanner loaded
[2026-09-12 10:23:42] [INFO    ] ThreatIntel      Zero-driver anti-cheat compatibility mode active
[2026-09-12 10:23:42] [INFO    ] CVE Agent        Continuous CVE Watcher started - background polling engaged
[2026-09-12 10:23:42] [WARNING ] NetGuard         Baseline: 75 active conns (42 Web, 0 DL, 1 Unverified: Spotify.exe -> Spotify.exe -> 104.199.65.9:4070)
[2026-09-12 10:23:42] [WARNING ] CVE Agent        Scanned 48 apps & OS build 26200: Found 23 software CVEs + 3 OS CVEs
[2026-09-12 10:24:02] [INFO    ] NetGuard         Analyzed 76 conns: 43 Web/Cloud, 0 Download, 1 Unverified
=== AegisCore Forensics Log - Session started 2026-09-12 11:32:40 ===
[2026-09-12 11:32:40] [INFO    ] AegisCore        AegisCore Enterprise SOC initialized - 8 defense engines active
[2026-09-12 11:32:40] [INFO    ] NetGuard         Startup baseline network analysis complete - verified CDN/Web endpoints
[2026-09-12 11:32:40] [INFO    ] SmartSandbox     AppContainer kernel enforcement subsystem active
[2026-09-12 11:32:40] [INFO    ] RansomShield     Canary honeypots armed & VSS shadow copy engine online
[2026-09-12 11:32:40] [INFO    ] DataGuard DLP    Sensitive credential scanner loaded
[2026-09-12 11:32:40] [INFO    ] ThreatIntel      Zero-driver anti-cheat compatibility mode active
[2026-09-12 11:32:40] [INFO    ] CVE Agent        Continuous CVE Watcher started - background polling engaged
[2026-09-12 11:32:40] [INFO    ] RansomShield     Auto-protect ACTIVE: mass encryption monitoring + honeypots deployed
[2026-09-12 11:32:40] [WARNING ] NetGuard         Baseline: 58 active conns (30 Web, 0 DL, 1 Unverified: Spotify.exe -> Spotify.exe -> 104.199.65.9:4070)
[2026-09-12 11:32:40] [WARNING ] CVE Agent        Scanned 48 apps & OS build 26200: Found 23 software CVEs + 3 OS CVEs
[2026-09-12 11:32:41] [CRITICAL] RansomShield     HONEYPOT TRIGGERED: C:\Users\Moham\Documents\~AegisDecoy_00.docx - Ransomware behavior!
[2026-09-12 11:32:42] [CRITICAL] RansomShield     HONEYPOT TRIGGERED: C:\Users\Moham\Documents\~AegisDecoy_01.docx - Ransomware behavior!
